C:\GitJVG\Gestor-De-Reportes-Mascotas\src\main\java\com\mycompany\gestorreportemascotas\GeneralReport.java
C:\GitJVG\Gestor-De-Reportes-Mascotas\src\main\java\com\mycompany\gestorreportemascotas\GestorReporteMascotas.java
C:\GitJVG\Gestor-De-Reportes-Mascotas\src\main\java\com\mycompany\gestorreportemascotas\GroupedReport.java
C:\GitJVG\Gestor-De-Reportes-Mascotas\src\main\java\com\mycompany\gestorreportemascotas\MatchFound.java
C:\GitJVG\Gestor-De-Reportes-Mascotas\src\main\java\com\mycompany\gestorreportemascotas\Menu.java
C:\GitJVG\Gestor-De-Reportes-Mascotas\src\main\java\com\mycompany\gestorreportemascotas\Pet.java
C:\GitJVG\Gestor-De-Reportes-Mascotas\src\main\java\com\mycompany\gestorreportemascotas\Query.java
C:\GitJVG\Gestor-De-Reportes-Mascotas\src\main\java\com\mycompany\gestorreportemascotas\UpdateReport.java
C:\GitJVG\Gestor-De-Reportes-Mascotas\src\main\java\com\mycompany\gestorreportemascotas\Validation.java
C:\GitJVG\Gestor-De-Reportes-Mascotas\src\main\java\Menu.java
